// Jest Snapshot v1, https://goo.gl/fbAQLP

exports[`<LogoutButton /> should render 1`] = `ShallowWrapper {}`;
