// Jest Snapshot v1, https://goo.gl/fbAQLP

exports[`<Table /> should render table body 1`] = `ShallowWrapper {}`;

exports[`<Table /> should render table header 1`] = `ShallowWrapper {}`;

exports[`<Table /> should render table wrapper 1`] = `ShallowWrapper {}`;
