// Jest Snapshot v1, https://goo.gl/fbAQLP

exports[`<TableText /> should render table text 1`] = `ShallowWrapper {}`;
