// Jest Snapshot v1, https://goo.gl/fbAQLP

exports[`<LoginButton /> should render 1`] = `ShallowWrapper {}`;
