// Jest Snapshot v1, https://goo.gl/fbAQLP

exports[`<ActivityTable /> should render 1`] = `ShallowWrapper {}`;
