// Jest Snapshot v1, https://goo.gl/fbAQLP

exports[`<ActivityTableView/>  should render valid columns 1`] = `ReactWrapper {}`;
