// Jest Snapshot v1, https://goo.gl/fbAQLP

exports[`<ActivityTableRow /> should render 1`] = `ShallowWrapper {}`;
