// Jest Snapshot v1, https://goo.gl/fbAQLP

exports[`<BalanceTable /> should render 1`] = `ShallowWrapper {}`;
