// Jest Snapshot v1, https://goo.gl/fbAQLP

exports[`<Box /> should render 1`] = `ShallowWrapper {}`;
