// Jest Snapshot v1, https://goo.gl/fbAQLP

exports[`<RoundButton /> should render 1`] = `ShallowWrapper {}`;
